Archive member included to satisfy reference by file (symbol)

/opt/st/stm32cubeide_1.19.0/plugins/com.st.stm32cube.ide.mcu.externaltools.gnu-tools-for-stm32.13.3.rel1.linux64_1.0.0.202410170706/tools/bin/../lib/gcc/arm-none-eabi/13.3.1/../../../../arm-none-eabi/lib/thumb/v6-m/nofp/libc_nano.a(libc_a-exit.o)
                              /opt/st/stm32cubeide_1.19.0/plugins/com.st.stm32cube.ide.mcu.externaltools.gnu-tools-for-stm32.13.3.rel1.linux64_1.0.0.202410170706/tools/bin/../lib/gcc/arm-none-eabi/13.3.1/../../../../arm-none-eabi/lib/thumb/v6-m/nofp/crt0.o (exit)
/opt/st/stm32cubeide_1.19.0/plugins/com.st.stm32cube.ide.mcu.externaltools.gnu-tools-for-stm32.13.3.rel1.linux64_1.0.0.202410170706/tools/bin/../lib/gcc/arm-none-eabi/13.3.1/../../../../arm-none-eabi/lib/thumb/v6-m/nofp/libc_nano.a(libc_a-findfp.o)
                              /opt/st/stm32cubeide_1.19.0/plugins/com.st.stm32cube.ide.mcu.externaltools.gnu-tools-for-stm32.13.3.rel1.linux64_1.0.0.202410170706/tools/bin/../lib/gcc/arm-none-eabi/13.3.1/../../../../arm-none-eabi/lib/thumb/v6-m/nofp/libc_nano.a(libc_a-exit.o) (__stdio_exit_handler)
/opt/st/stm32cubeide_1.19.0/plugins/com.st.stm32cube.ide.mcu.externaltools.gnu-tools-for-stm32.13.3.rel1.linux64_1.0.0.202410170706/tools/bin/../lib/gcc/arm-none-eabi/13.3.1/../../../../arm-none-eabi/lib/thumb/v6-m/nofp/libc_nano.a(libc_a-fwalk.o)
                              /opt/st/stm32cubeide_1.19.0/plugins/com.st.stm32cube.ide.mcu.externaltools.gnu-tools-for-stm32.13.3.rel1.linux64_1.0.0.202410170706/tools/bin/../lib/gcc/arm-none-eabi/13.3.1/../../../../arm-none-eabi/lib/thumb/v6-m/nofp/libc_nano.a(libc_a-findfp.o) (_fwalk_sglue)
/opt/st/stm32cubeide_1.19.0/plugins/com.st.stm32cube.ide.mcu.externaltools.gnu-tools-for-stm32.13.3.rel1.linux64_1.0.0.202410170706/tools/bin/../lib/gcc/arm-none-eabi/13.3.1/../../../../arm-none-eabi/lib/thumb/v6-m/nofp/libc_nano.a(libc_a-stdio.o)
                              /opt/st/stm32cubeide_1.19.0/plugins/com.st.stm32cube.ide.mcu.externaltools.gnu-tools-for-stm32.13.3.rel1.linux64_1.0.0.202410170706/tools/bin/../lib/gcc/arm-none-eabi/13.3.1/../../../../arm-none-eabi/lib/thumb/v6-m/nofp/libc_nano.a(libc_a-findfp.o) (__sread)
/opt/st/stm32cubeide_1.19.0/plugins/com.st.stm32cube.ide.mcu.externaltools.gnu-tools-for-stm32.13.3.rel1.linux64_1.0.0.202410170706/tools/bin/../lib/gcc/arm-none-eabi/13.3.1/../../../../arm-none-eabi/lib/thumb/v6-m/nofp/libc_nano.a(libc_a-memset.o)
                              /opt/st/stm32cubeide_1.19.0/plugins/com.st.stm32cube.ide.mcu.externaltools.gnu-tools-for-stm32.13.3.rel1.linux64_1.0.0.202410170706/tools/bin/../lib/gcc/arm-none-eabi/13.3.1/../../../../arm-none-eabi/lib/thumb/v6-m/nofp/crt0.o (memset)
/opt/st/stm32cubeide_1.19.0/plugins/com.st.stm32cube.ide.mcu.externaltools.gnu-tools-for-stm32.13.3.rel1.linux64_1.0.0.202410170706/tools/bin/../lib/gcc/arm-none-eabi/13.3.1/../../../../arm-none-eabi/lib/thumb/v6-m/nofp/libc_nano.a(libc_a-closer.o)
                              /opt/st/stm32cubeide_1.19.0/plugins/com.st.stm32cube.ide.mcu.externaltools.gnu-tools-for-stm32.13.3.rel1.linux64_1.0.0.202410170706/tools/bin/../lib/gcc/arm-none-eabi/13.3.1/../../../../arm-none-eabi/lib/thumb/v6-m/nofp/libc_nano.a(libc_a-stdio.o) (_close_r)
/opt/st/stm32cubeide_1.19.0/plugins/com.st.stm32cube.ide.mcu.externaltools.gnu-tools-for-stm32.13.3.rel1.linux64_1.0.0.202410170706/tools/bin/../lib/gcc/arm-none-eabi/13.3.1/../../../../arm-none-eabi/lib/thumb/v6-m/nofp/libc_nano.a(libc_a-reent.o)
                              /opt/st/stm32cubeide_1.19.0/plugins/com.st.stm32cube.ide.mcu.externaltools.gnu-tools-for-stm32.13.3.rel1.linux64_1.0.0.202410170706/tools/bin/../lib/gcc/arm-none-eabi/13.3.1/../../../../arm-none-eabi/lib/thumb/v6-m/nofp/libc_nano.a(libc_a-closer.o) (errno)
/opt/st/stm32cubeide_1.19.0/plugins/com.st.stm32cube.ide.mcu.externaltools.gnu-tools-for-stm32.13.3.rel1.linux64_1.0.0.202410170706/tools/bin/../lib/gcc/arm-none-eabi/13.3.1/../../../../arm-none-eabi/lib/thumb/v6-m/nofp/libc_nano.a(libc_a-impure.o)
                              /opt/st/stm32cubeide_1.19.0/plugins/com.st.stm32cube.ide.mcu.externaltools.gnu-tools-for-stm32.13.3.rel1.linux64_1.0.0.202410170706/tools/bin/../lib/gcc/arm-none-eabi/13.3.1/../../../../arm-none-eabi/lib/thumb/v6-m/nofp/libc_nano.a(libc_a-reent.o) (_impure_ptr)
/opt/st/stm32cubeide_1.19.0/plugins/com.st.stm32cube.ide.mcu.externaltools.gnu-tools-for-stm32.13.3.rel1.linux64_1.0.0.202410170706/tools/bin/../lib/gcc/arm-none-eabi/13.3.1/../../../../arm-none-eabi/lib/thumb/v6-m/nofp/libc_nano.a(libc_a-lseekr.o)
                              /opt/st/stm32cubeide_1.19.0/plugins/com.st.stm32cube.ide.mcu.externaltools.gnu-tools-for-stm32.13.3.rel1.linux64_1.0.0.202410170706/tools/bin/../lib/gcc/arm-none-eabi/13.3.1/../../../../arm-none-eabi/lib/thumb/v6-m/nofp/libc_nano.a(libc_a-stdio.o) (_lseek_r)
[...]
Memory Configuration

Name             Origin             Length             Attributes
RAM              0x20000000         0x00004000         xrw
FLASH            0x08000000         0x00010000         xr
*default*        0x00000000         0xffffffff

Linker script and memory map

LOAD /opt/st/stm32cubeide_1.19.0/plugins/com.st.stm32cube.ide.mcu.externaltools.gnu-tools-for-stm32.13.3.rel1.linux64_1.0.0.202410170706/tools/bin/../lib/gcc/arm-none-eabi/13.3.1/thumb/v6-m/nofp/crti.o
LOAD /opt/st/stm32cubeide_1.19.0/plugins/com.st.stm32cube.ide.mcu.externaltools.gnu-tools-for-stm32.13.3.rel1.linux64_1.0.0.202410170706/tools/bin/../lib/gcc/arm-none-eabi/13.3.1/thumb/v6-m/nofp/crtbegin.o
LOAD /opt/st/stm32cubeide_1.19.0/plugins/com.st.stm32cube.ide.mcu.externaltools.gnu-tools-for-stm32.13.3.rel1.linux64_1.0.0.202410170706/tools/bin/../lib/gcc/arm-none-eabi/13.3.1/../../../../arm-none-eabi/lib/thumb/v6-m/nofp/crt0.o
LOAD ./Core/Src/esp32_link.o
LOAD ./Core/Src/gpio.o
LOAD ./Core/Src/main.o
LOAD ./Core/Src/stm32f0xx_hal_msp.o
LOAD ./Core/Src/stm32f0xx_it.o
LOAD ./Core/Src/syscalls.o
LOAD ./Core/Src/sysmem.o
LOAD ./Core/Src/system_stm32f0xx.o
LOAD ./Core/Src/usart.o
LOAD ./Core/Startup/startup_stm32f072c8tx.o
LOAD ./Drivers/STM32F0xx_HAL_Driver/Src/stm32f0xx_hal.o
LOAD ./Drivers/STM32F0xx_HAL_Driver/Src/stm32f0xx_hal_cortex.o
LOAD ./Drivers/STM32F0xx_HAL_Driver/Src/stm32f0xx_hal_dma.o
LOAD ./Drivers/STM32F0xx_HAL_Driver/Src/stm32f0xx_hal_exti.o
LOAD ./Drivers/STM32F0xx_HAL_Driver/Src/stm32f0xx_hal_flash.o
LOAD ./Drivers/STM32F0xx_HAL_Driver/Src/stm32f0xx_hal_flash_ex.o
LOAD ./Drivers/STM32F0xx_HAL_Driver/Src/stm32f0xx_hal_gpio.o
LOAD ./Drivers/STM32F0xx_HAL_Driver/Src/stm32f0xx_hal_i2c.o
LOAD ./Drivers/STM32F0xx_HAL_Driver/Src/stm32f0xx_hal_i2c_ex.o
LOAD ./Drivers/STM32F0xx_HAL_Driver/Src/stm32f0xx_hal_pwr.o
LOAD ./Drivers/STM32F0xx_HAL_Driver/Src/stm32f0xx_hal_pwr_ex.o
LOAD ./Drivers/STM32F0xx_HAL_Driver/Src/stm32f0xx_hal_rcc.o
LOAD ./Drivers/STM32F0xx_HAL_Driver/Src/stm32f0xx_hal_rcc_ex.o
LOAD ./Drivers/STM32F0xx_HAL_Driver/Src/stm32f0xx_hal_uart.o
LOAD ./Drivers/STM32F0xx_HAL_Driver/Src/stm32f0xx_hal_uart_ex.o
START GROUP
LOAD /opt/st/stm32cubeide_1.19.0/plugins/com.st.stm32cube.ide.mcu.externaltools.gnu-tools-for-stm32.13.3.rel1.linux64_1.0.0.202410170706/tools/bin/../lib/gcc/arm-none-eabi/13.3.1/../../../../arm-none-eabi/lib/thumb/v6-m/nofp/libc_nano.a
LOAD /opt/st/stm32cubeide_1.19.0/plugins/com.st.stm32cube.ide.mcu.externaltools.gnu-tools-for-stm32.13.3.rel1.linux64_1.0.0.202410170706/tools/bin/../lib/gcc/arm-none-eabi/13.3.1/../../../../arm-none-eabi/lib/thumb/v6-m/nofp/libm.a
END GROUP
START GROUP
LOAD /opt/st/stm32cubeide_1.19.0/plugins/com.st.stm32cube.ide.mcu.externaltools.gnu-tools-for-stm32.13.3.rel1.linux64_1.0.0.202410170706/tools/bin/../lib/gcc/arm-none-eabi/13.3.1/thumb/v6-m/nofp/libgcc.a
LOAD /opt/st/stm32cubeide_1.19.0/plugins/com.st.stm32cube.ide.mcu.externaltools.gnu-tools-for-stm32.13.3.rel1.linux64_1.0.0.202410170706/tools/bin/../lib/gcc/arm-none-eabi/13.3.1/../../../../arm-none-eabi/lib/thumb/v6-m/nofp/libc_nano.a
END GROUP
START GROUP
LOAD /opt/st/stm32cubeide_1.19.0/plugins/com.st.stm32cube.ide.mcu.externaltools.gnu-tools-for-stm32.13.3.rel1.linux64_1.0.0.202410170706/tools/bin/../lib/gcc/arm-none-eabi/13.3.1/thumb/v6-m/nofp/libgcc.a
LOAD /opt/st/stm32cubeide_1.19.0/plugins/com.st.stm32cube.ide.mcu.externaltools.gnu-tools-for-stm32.13.3.rel1.linux64_1.0.0.202410170706/tools/bin/../lib/gcc/arm-none-eabi/13.3.1/../../../../arm-none-eabi/lib/thumb/v6-m/nofp/libc_nano.a
LOAD /opt/st/stm32cubeide_1.19.0/plugins/com.st.stm32cube.ide.mcu.externaltools.gnu-tools-for-stm32.13.3.rel1.linux64_1.0.0.202410170706/tools/bin/../lib/gcc/arm-none-eabi/13.3.1/../../../../arm-none-eabi/lib/thumb/v6-m/nofp/libnosys.a
END GROUP
START GROUP
LOAD /opt/st/stm32cubeide_1.19.0/plugins/com.st.stm32cube.ide.mcu.externaltools.gnu-tools-for-stm32.13.3.rel1.linux64_1.0.0.202410170706/tools/bin/../lib/gcc/arm-none-eabi/13.3.1/thumb/v6-m/nofp/libgcc.a
LOAD /opt/st/stm32cubeide_1.19.0/plugins/com.st.stm32cube.ide.mcu.externaltools.gnu-tools-for-stm32.13.3.rel1.linux64_1.0.0.202410170706/tools/bin/../lib/gcc/arm-none-eabi/13.3.1/../../../../arm-none-eabi/lib/thumb/v6-m/nofp/libc_nano.a
LOAD /opt/st/stm32cubeide_1.19.0/plugins/com.st.stm32cube.ide.mcu.externaltools.gnu-tools-for-stm32.13.3.rel1.linux64_1.0.0.202410170706/tools/bin/../lib/gcc/arm-none-eabi/13.3.1/../../../../arm-none-eabi/lib/thumb/v6-m/nofp/libnosys.a
END GROUP
LOAD /opt/st/stm32cubeide_1.19.0/plugins/com.st.stm32cube.ide.mcu.externaltools.gnu-tools-for-stm32.13.3.rel1.linux64_1.0.0.202410170706/tools/bin/../lib/gcc/arm-none-eabi/13.3.1/thumb/v6-m/nofp/crtend.o
LOAD /opt/st/stm32cubeide_1.19.0/plugins/com.st.stm32cube.ide.mcu.externaltools.gnu-tools-for-stm32.13.3.rel1.linux64_1.0.0.202410170706/tools/bin/../lib/gcc/arm-none-eabi/13.3.1/thumb/v6-m/nofp/crtn.o
                0x20004000                        _estack = (ORIGIN (RAM) + LENGTH (RAM))
                0x00000200                        _Min_Heap_Size = 0x200
                0x00000400                        _Min_Stack_Size = 0x400

.isr_vector     0x08000000       0xc0
                0x08000000                        . = ALIGN (0x4)
 *(.isr_vector)
 .isr_vector    0x08000000       0xc0 ./Core/Startup/startup_stm32f072c8tx.o
                0x08000000                g_pfnVectors
                0x080000c0                        . = ALIGN (0x4)

.text           0x080000c0     0x2ad8
                0x080000c0                        . = ALIGN (0x4)
 *(.text)
 .text          0x080000c0       0x48 /opt/st/stm32cubeide_1.19.0/plugins/com.st.stm32cube.ide.mcu.externaltools.gnu-tools-for-stm32.13.3.rel1.linux64_1.0.0.202410170706/tools/bin/../lib/gcc/arm-none-eabi/13.3.1/thumb/v6-m/nofp/crtbegin.o
 .text          0x08000108      0x114 /opt/st/stm32cubeide_1.19.0/plugins/com.st.stm32cube.ide.mcu.externaltools.gnu-tools-for-stm32.13.3.rel1.linux64_1.0.0.202410170706/tools/bin/../lib/gcc/arm-none-eabi/13.3.1/thumb/v6-m/nofp/libgcc.a(_udivsi3.o)
                0x08000108                __udivsi3
                0x08000108                __aeabi_uidiv
                0x08000214                __aeabi_uidivmod
 .text          0x0800021c        0x4 /opt/st/stm32cubeide_1.19.0/plugins/com.st.stm32cube.ide.mcu.externaltools.gnu-tools-for-stm32.13.3.rel1.linux64_1.0.0.202410170706/tools/bin/../lib/gcc/arm-none-eabi/13.3.1/thumb/v6-m/nofp/libgcc.a(_dvmd_tls.o)
                0x0800021c                __aeabi_ldiv0
                0x0800021c                __aeabi_idiv0
 *(.text*)
 .text.STM_SetUART
                0x08000220       0x1c ./Core/Src/esp32_link.o
                0x08000220                STM_SetUART
 .text.STM_SetOutputPins
                0x0800023c       0x74 ./Core/Src/esp32_link.o
                0x0800023c                STM_SetOutputPins
 .text.STM_SetInputPins
                0x080002b0       0x74 ./Core/Src/esp32_link.o
                0x080002b0                STM_SetInputPins
 .text.applyRelayStates
                0x08000324       0x7c ./Core/Src/esp32_link.o
 .text.readLimitSwitches
                0x080003a0       0x7c ./Core/Src/esp32_link.o
 .text.STM_ProcessIncoming
                0x0800041c       0x54 ./Core/Src/esp32_link.o
                0x0800041c                STM_ProcessIncoming
 .text.STM_SendInputs
                0x08000470       0x44 ./Core/Src/esp32_link.o
                0x08000470                STM_SendInputs
 .text.MX_GPIO_Init
                0x080004b4      0x12c ./Core/Src/gpio.o
                0x080004b4                MX_GPIO_Init
 .text.main     0x080005e0       0x48 ./Core/Src/main.o
                0x080005e0                main
 .text.SystemClock_Config
                0x08000628       0x78 ./Core/Src/main.o
                0x08000628                SystemClock_Config
 .text.Error_Handler
                0x080006a0        0xc ./Core/Src/main.o
                0x080006a0                Error_Handler
 .text.HAL_MspInit
                0x080006ac       0x48 ./Core/Src/stm32f0xx_hal_msp.o
                0x080006ac                HAL_MspInit
 .text.NMI_Handler
                0x080006f4        0x8 ./Core/Src/stm32f0xx_it.o
                0x080006f4                NMI_Handler
 .text.HardFault_Handler
                0x080006fc        0x8 ./Core/Src/stm32f0xx_it.o
                0x080006fc                HardFault_Handler
 .text.SVC_Handler
                0x08000704        0xa ./Core/Src/stm32f0xx_it.o
                0x08000704                SVC_Handler
 .text.PendSV_Handler
                0x0800070e        0xa ./Core/Src/stm32f0xx_it.o
                0x0800070e                PendSV_Handler
 .text.SysTick_Handler
                0x08000718        0xe ./Core/Src/stm32f0xx_it.o
                0x08000718                SysTick_Handler
 *fill*         0x08000726        0x2 
 .text.USART3_4_IRQHandler
                0x08000728       0x18 ./Core/Src/stm32f0xx_it.o
                0x08000728                USART3_4_IRQHandler
 .text.SystemInit
                0x08000740        0xa ./Core/Src/system_stm32f0xx.o
                0x08000740                SystemInit
 *fill*         0x0800074a        0x2 
 .text.MX_USART3_UART_Init
                0x0800074c       0x60 ./Core/Src/usart.o
                0x0800074c                MX_USART3_UART_Init
 .text.HAL_UART_MspInit
                0x080007ac       0xac ./Core/Src/usart.o
                0x080007ac                HAL_UART_MspInit
 .text.Reset_Handler
                0x08000858       0x50 ./Core/Startup/startup_stm32f072c8tx.o
                0x08000858                Reset_Handler
 .text.Default_Handler
                0x080008a8        0x2 ./Core/Startup/startup_stm32f072c8tx.o
                0x080008a8                TIM1_CC_IRQHandler
                0x080008a8                TSC_IRQHandler
                0x080008a8                ADC1_COMP_IRQHandler
                0x080008a8                I2C1_IRQHandler
                0x080008a8                RCC_CRS_IRQHandler
                0x080008a8                SPI1_IRQHandler
                0x080008a8                TIM6_DAC_IRQHandler
                0x080008a8                EXTI2_3_IRQHandler
                0x080008a8                I2C2_IRQHandler
                0x080008a8                TIM17_IRQHandler
                0x080008a8                CEC_CAN_IRQHandler
                0x080008a8                RTC_IRQHandler
                0x080008a8                PVD_VDDIO2_IRQHandler
                0x080008a8                DMA1_Channel4_5_6_7_IRQHandler
                0x080008a8                TIM16_IRQHandler
                0x080008a8                TIM3_IRQHandler
                0x080008a8                EXTI4_15_IRQHandler
                0x080008a8                DMA1_Channel1_IRQHandler
                0x080008a8                Default_Handler
                0x080008a8                TIM14_IRQHandler
                0x080008a8                TIM7_IRQHandler
                0x080008a8                TIM15_IRQHandler
                0x080008a8                EXTI0_1_IRQHandler
                0x080008a8                USB_IRQHandler
                0x080008a8                SPI2_IRQHandler
                0x080008a8                WWDG_IRQHandler
                0x080008a8                TIM2_IRQHandler
                0x080008a8                DMA1_Channel2_3_IRQHandler
                0x080008a8                USART2_IRQHandler
                0x080008a8                FLASH_IRQHandler
                0x080008a8                USART1_IRQHandler
                0x080008a8                TIM1_BRK_UP_TRG_COM_IRQHandler
 *fill*         0x080008aa        0x2 
 .text.HAL_Init
                0x080008ac       0x28 ./Drivers/STM32F0xx_HAL_Driver/Src/stm32f0xx_hal.o
                0x080008ac                HAL_Init
 .text.HAL_InitTick
                0x080008d4       0x68 ./Drivers/STM32F0xx_HAL_Driver/Src/stm32f0xx_hal.o
                0x080008d4                HAL_InitTick
 .text.HAL_IncTick
                0x0800093c       0x24 ./Drivers/STM32F0xx_HAL_Driver/Src/stm32f0xx_hal.o
                0x0800093c                HAL_IncTick
 .text.HAL_GetTick
                0x08000960       0x14 ./Drivers/STM32F0xx_HAL_Driver/Src/stm32f0xx_hal.o
                0x08000960                HAL_GetTick
 .text.__NVIC_EnableIRQ
                0x08000974       0x34 ./Drivers/STM32F0xx_HAL_Driver/Src/stm32f0xx_hal_cortex.o
 .text.__NVIC_SetPriority
                0x080009a8       0xdc ./Drivers/STM32F0xx_HAL_Driver/Src/stm32f0xx_hal_cortex.o
 .text.SysTick_Config
                0x08000a84       0x48 ./Drivers/STM32F0xx_HAL_Driver/Src/stm32f0xx_hal_cortex.o
 .text.HAL_NVIC_SetPriority
                0x08000acc       0x2a ./Drivers/STM32F0xx_HAL_Driver/Src/stm32f0xx_hal_cortex.o
                0x08000acc                HAL_NVIC_SetPriority
 .text.HAL_NVIC_EnableIRQ
                0x08000af6       0x20 ./Drivers/STM32F0xx_HAL_Driver/Src/stm32f0xx_hal_cortex.o
                0x08000af6                HAL_NVIC_EnableIRQ
 .text.HAL_SYSTICK_Config
                0x08000b16       0x1a ./Drivers/STM32F0xx_HAL_Driver/Src/stm32f0xx_hal_cortex.o
                0x08000b16                HAL_SYSTICK_Config
 .text.HAL_DMA_Abort
                0x08000b30       0x70 ./Drivers/STM32F0xx_HAL_Driver/Src/stm32f0xx_hal_dma.o
                0x08000b30                HAL_DMA_Abort
 .text.HAL_DMA_Abort_IT
                0x08000ba0       0x8a ./Drivers/STM32F0xx_HAL_Driver/Src/stm32f0xx_hal_dma.o
                0x08000ba0                HAL_DMA_Abort_IT
 *fill*         0x08000c2a        0x2 
 .text.HAL_GPIO_Init
                0x08000c2c      0x2f0 ./Drivers/STM32F0xx_HAL_Driver/Src/stm32f0xx_hal_gpio.o
                0x08000c2c                HAL_GPIO_Init
 .text.HAL_GPIO_ReadPin
                0x08000f1c       0x3a ./Drivers/STM32F0xx_HAL_Driver/Src/stm32f0xx_hal_gpio.o
                0x08000f1c                HAL_GPIO_ReadPin
 .text.HAL_GPIO_WritePin
                0x08000f56       0x3a ./Drivers/STM32F0xx_HAL_Driver/Src/stm32f0xx_hal_gpio.o
                0x08000f56                HAL_GPIO_WritePin
 .text.HAL_RCC_OscConfig
                0x08000f90      0x70c ./Drivers/STM32F0xx_HAL_Driver/Src/stm32f0xx_hal_rcc.o
                0x08000f90                HAL_RCC_OscConfig
 .text.HAL_RCC_ClockConfig
                0x0800169c      0x1b4 ./Drivers/STM32F0xx_HAL_Driver/Src/stm32f0xx_hal_rcc.o
                0x0800169c                HAL_RCC_ClockConfig
 .text.HAL_RCC_GetSysClockFreq
                0x08001850       0xe4 ./Drivers/STM32F0xx_HAL_Driver/Src/stm32f0xx_hal_rcc.o
                0x08001850                HAL_RCC_GetSysClockFreq
 .text.HAL_RCC_GetHCLKFreq
                0x08001934       0x14 ./Drivers/STM32F0xx_HAL_Driver/Src/stm32f0xx_hal_rcc.o
                0x08001934                HAL_RCC_GetHCLKFreq
 .text.HAL_RCC_GetPCLK1Freq
                0x08001948       0x2c ./Drivers/STM32F0xx_HAL_Driver/Src/stm32f0xx_hal_rcc.o
                0x08001948                HAL_RCC_GetPCLK1Freq
 .text.HAL_UART_Init
                0x08001974       0xa8 ./Drivers/STM32F0xx_HAL_Driver/Src/stm32f0xx_hal_uart.o
                0x08001974                HAL_UART_Init
 .text.HAL_UART_Transmit
                0x08001a1c      0x13e ./Drivers/STM32F0xx_HAL_Driver/Src/stm32f0xx_hal_uart.o
                0x08001a1c                HAL_UART_Transmit
 *fill*         0x08001b5a        0x2 
 .text.HAL_UART_Receive
                0x08001b5c      0x1d0 ./Drivers/STM32F0xx_HAL_Driver/Src/stm32f0xx_hal_uart.o
                0x08001b5c                HAL_UART_Receive
 .text.HAL_UART_IRQHandler
                0x08001d2c      0x5c0 ./Drivers/STM32F0xx_HAL_Driver/Src/stm32f0xx_hal_uart.o
                0x08001d2c                HAL_UART_IRQHandler
 .text.HAL_UART_TxCpltCallback
                0x080022ec       0x10 ./Drivers/STM32F0xx_HAL_Driver/Src/stm32f0xx_hal_uart.o
                0x080022ec                HAL_UART_TxCpltCallback
 .text.HAL_UART_ErrorCallback
                0x080022fc       0x10 ./Drivers/STM32F0xx_HAL_Driver/Src/stm32f0xx_hal_uart.o
                0x080022fc                HAL_UART_ErrorCallback
 .text.HAL_UARTEx_RxEventCallback
                0x0800230c       0x16 ./Drivers/STM32F0xx_HAL_Driver/Src/stm32f0xx_hal_uart.o
                0x0800230c                HAL_UARTEx_RxEventCallback
 *fill*         0x08002322        0x2 
 .text.UART_SetConfig
                0x08002324      0x310 ./Drivers/STM32F0xx_HAL_Driver/Src/stm32f0xx_hal_uart.o
                0x08002324                UART_SetConfig
 .text.UART_AdvFeatureConfig
                0x08002634      0x168 ./Drivers/STM32F0xx_HAL_Driver/Src/stm32f0xx_hal_uart.o
                0x08002634                UART_AdvFeatureConfig
 .text.UART_CheckIdleState
                0x0800279c      0x150 ./Drivers/STM32F0xx_HAL_Driver/Src/stm32f0xx_hal_uart.o
                0x0800279c                UART_CheckIdleState
 .text.UART_WaitOnFlagUntilTimeout
                0x080028ec       0xde ./Drivers/STM32F0xx_HAL_Driver/Src/stm32f0xx_hal_uart.o
                0x080028ec                UART_WaitOnFlagUntilTimeout
 *fill*         0x080029ca        0x2 
 .text.UART_EndRxTransfer
                0x080029cc       0xc8 ./Drivers/STM32F0xx_HAL_Driver/Src/stm32f0xx_hal_uart.o
 .text.UART_DMAAbortOnError
                0x08002a94       0x2e ./Drivers/STM32F0xx_HAL_Driver/Src/stm32f0xx_hal_uart.o
 .text.UART_EndTransmit_IT
                0x08002ac2       0x56 ./Drivers/STM32F0xx_HAL_Driver/Src/stm32f0xx_hal_uart.o
 .text.HAL_UARTEx_WakeupCallback
                0x08002b18       0x10 ./Drivers/STM32F0xx_HAL_Driver/Src/stm32f0xx_hal_uart_ex.o
                0x08002b18                HAL_UARTEx_WakeupCallback
 .text.memset   0x08002b28       0x10 /opt/st/stm32cubeide_1.19.0/plugins/com.st.stm32cube.ide.mcu.externaltools.gnu-tools-for-stm32.13.3.rel1.linux64_1.0.0.202410170706/tools/bin/../lib/gcc/arm-none-eabi/13.3.1/../../../../arm-none-eabi/lib/thumb/v6-m/nofp/libc_nano.a(libc_a-memset.o)
                0x08002b28                memset
 .text.__libc_init_array
                0x08002b38       0x48 /opt/st/stm32cubeide_1.19.0/plugins/com.st.stm32cube.ide.mcu.externaltools.gnu-tools-for-stm32.13.3.rel1.linux64_1.0.0.202410170706/tools/bin/../lib/gcc/arm-none-eabi/13.3.1/../../../../arm-none-eabi/lib/thumb/v6-m/nofp/libc_nano.a(libc_a-init.o)
                0x08002b38                __libc_init_array
 *(.glue_7)
 .glue_7        0x08002b80        0x0 linker stubs
 *(.glue_7t)
 .glue_7t       0x08002b80        0x0 linker stubs
 *(.eh_frame)
 .eh_frame      0x08002b80        0x0 /opt/st/stm32cubeide_1.19.0/plugins/com.st.stm32cube.ide.mcu.externaltools.gnu-tools-for-stm32.13.3.rel1.linux64_1.0.0.202410170706/tools/bin/../lib/gcc/arm-none-eabi/13.3.1/thumb/v6-m/nofp/crtbegin.o
 *(.init)
 .init          0x08002b80        0x4 /opt/st/stm32cubeide_1.19.0/plugins/com.st.stm32cube.ide.mcu.externaltools.gnu-tools-for-stm32.13.3.rel1.linux64_1.0.0.202410170706/tools/bin/../lib/gcc/arm-none-eabi/13.3.1/thumb/v6-m/nofp/crti.o
                0x08002b80                _init
 .init          0x08002b84        0x8 /opt/st/stm32cubeide_1.19.0/plugins/com.st.stm32cube.ide.mcu.externaltools.gnu-tools-for-stm32.13.3.rel1.linux64_1.0.0.202410170706/tools/bin/../lib/gcc/arm-none-eabi/13.3.1/thumb/v6-m/nofp/crtn.o
 *(.fini)
 .fini          0x08002b8c        0x4 /opt/st/stm32cubeide_1.19.0/plugins/com.st.stm32cube.ide.mcu.externaltools.gnu-tools-for-stm32.13.3.rel1.linux64_1.0.0.202410170706/tools/bin/../lib/gcc/arm-none-eabi/13.3.1/thumb/v6-m/nofp/crti.o
                0x08002b8c                _fini
 .fini          0x08002b90        0x8 /opt/st/stm32cubeide_1.19.0/plugins/com.st.stm32cube.ide.mcu.externaltools.gnu-tools-for-stm32.13.3.rel1.linux64_1.0.0.202410170706/tools/bin/../lib/gcc/arm-none-eabi/13.3.1/thumb/v6-m/nofp/crtn.o
                0x08002b98                        . = ALIGN (0x4)
                0x08002b98                        _etext = .

.vfp11_veneer   0x08002b98        0x0
 .vfp11_veneer  0x08002b98        0x0 linker stubs

.v4_bx          0x08002b98        0x0
 .v4_bx         0x08002b98        0x0 linker stubs

.iplt           0x08002b98        0x0
 .iplt          0x08002b98        0x0 /opt/st/stm32cubeide_1.19.0/plugins/com.st.stm32cube.ide.mcu.externaltools.gnu-tools-for-stm32.13.3.rel1.linux64_1.0.0.202410170706/tools/bin/../lib/gcc/arm-none-eabi/13.3.1/thumb/v6-m/nofp/crtbegin.o

.rodata         0x08002b98       0x38
                0x08002b98                        . = ALIGN (0x4)
 *(.rodata)
 *(.rodata*)
 .rodata.AHBPrescTable
                0x08002b98       0x10 ./Core/Src/system_stm32f0xx.o
                0x08002b98                AHBPrescTable
 .rodata.APBPrescTable
                0x08002ba8        0x8 ./Core/Src/system_stm32f0xx.o
                0x08002ba8                APBPrescTable
 .rodata.aPLLMULFactorTable.1
                0x08002bb0       0x10 ./Drivers/STM32F0xx_HAL_Driver/Src/stm32f0xx_hal_rcc.o
 .rodata.aPredivFactorTable.0
                0x08002bc0       0x10 ./Drivers/STM32F0xx_HAL_Driver/Src/stm32f0xx_hal_rcc.o
                0x08002bd0                        . = ALIGN (0x4)

.ARM.extab      0x08002bd0        0x0
                0x08002bd0                        . = ALIGN (0x4)
 *(.ARM.extab* .gnu.linkonce.armextab.*)
                0x08002bd0                        . = ALIGN (0x4)

.ARM            0x08002bd0        0x0
                0x08002bd0                        . = ALIGN (0x4)
                0x08002bd0                        __exidx_start = .
 *(.ARM.exidx*)
                0x08002bd0                        __exidx_end = .
                0x08002bd0                        . = ALIGN (0x4)

.preinit_array  0x08002bd0        0x0
                0x08002bd0                        . = ALIGN (0x4)
                0x08002bd0                        PROVIDE (__preinit_array_start = .)
 *(.preinit_array*)
                0x08002bd0                        PROVIDE (__preinit_array_end = .)
                0x08002bd0                        . = ALIGN (0x4)

.init_array     0x08002bd0        0x4
                0x08002bd0                        . = ALIGN (0x4)
                0x08002bd0                        PROVIDE (__init_array_start = .)
 *(SORT_BY_NAME(.init_array.*))
 *(.init_array*)
 .init_array    0x08002bd0        0x4 /opt/st/stm32cubeide_1.19.0/plugins/com.st.stm32cube.ide.mcu.externaltools.gnu-tools-for-stm32.13.3.rel1.linux64_1.0.0.202410170706/tools/bin/../lib/gcc/arm-none-eabi/13.3.1/thumb/v6-m/nofp/crtbegin.o
                0x08002bd4                        PROVIDE (__init_array_end = .)
                0x08002bd4                        . = ALIGN (0x4)

.fini_array     0x08002bd4        0x4
                0x08002bd4                        . = ALIGN (0x4)
                [!provide]                        PROVIDE (__fini_array_start = .)
 *(SORT_BY_NAME(.fini_array.*))
 *(.fini_array*)
 .fini_array    0x08002bd4        0x4 /opt/st/stm32cubeide_1.19.0/plugins/com.st.stm32cube.ide.mcu.externaltools.gnu-tools-for-stm32.13.3.rel1.linux64_1.0.0.202410170706/tools/bin/../lib/gcc/arm-none-eabi/13.3.1/thumb/v6-m/nofp/crtbegin.o
                [!provide]                        PROVIDE (__fini_array_end = .)
                0x08002bd8                        . = ALIGN (0x4)
                0x08002bd8                        _sidata = LOADADDR (.data)

.rel.dyn        0x08002bd8        0x0
 .rel.iplt      0x08002bd8        0x0 /opt/st/stm32cubeide_1.19.0/plugins/com.st.stm32cube.ide.mcu.externaltools.gnu-tools-for-stm32.13.3.rel1.linux64_1.0.0.202410170706/tools/bin/../lib/gcc/arm-none-eabi/13.3.1/thumb/v6-m/nofp/crtbegin.o

.data           0x20000000       0xc4 load address 0x08002bd8
                0x20000000                        . = ALIGN (0x4)
                0x20000000                        _sdata = .
 *(.data)
 *(.data*)
 .data.myOutputs
                0x20000000       0x80 ./Core/Src/main.o
                0x20000000                myOutputs
 .data.myInputs
                0x20000080       0x38 ./Core/Src/main.o
                0x20000080                myInputs
 .data.SystemCoreClock
                0x200000b8        0x4 ./Core/Src/system_stm32f0xx.o
                0x200000b8                SystemCoreClock
 .data.uwTickPrio
                0x200000bc        0x4 ./Drivers/STM32F0xx_HAL_Driver/Src/stm32f0xx_hal.o
                0x200000bc                uwTickPrio
 .data.uwTickFreq
                0x200000c0        0x1 ./Drivers/STM32F0xx_HAL_Driver/Src/stm32f0xx_hal.o
                0x200000c0                uwTickFreq
 *(.RamFunc)
 *(.RamFunc*)
                0x200000c4                        . = ALIGN (0x4)
 *fill*         0x200000c1        0x3 
                0x200000c4                        _edata = .

.igot.plt       0x200000c4        0x0 load address 0x08002c9c
 .igot.plt      0x200000c4        0x0 /opt/st/stm32cubeide_1.19.0/plugins/com.st.stm32cube.ide.mcu.externaltools.gnu-tools-for-stm32.13.3.rel1.linux64_1.0.0.202410170706/tools/bin/../lib/gcc/arm-none-eabi/13.3.1/thumb/v6-m/nofp/crtbegin.o
                0x200000c4                        . = ALIGN (0x4)

.bss            0x200000c4      0x1bc load address 0x08002c9c
                0x200000c4                        _sbss = .
                0x200000c4                        __bss_start__ = _sbss
 *(.bss)
 .bss           0x200000c4       0x1c /opt/st/stm32cubeide_1.19.0/plugins/com.st.stm32cube.ide.mcu.externaltools.gnu-tools-for-stm32.13.3.rel1.linux64_1.0.0.202410170706/tools/bin/../lib/gcc/arm-none-eabi/13.3.1/thumb/v6-m/nofp/crtbegin.o
 *(.bss*)
 .bss.activeUart
                0x200000e0        0x4 ./Core/Src/esp32_link.o
 .bss.outputPins
                0x200000e4       0x80 ./Core/Src/esp32_link.o
 .bss.outputCount
                0x20000164        0x1 ./Core/Src/esp32_link.o
 *fill*         0x20000165        0x3 
 .bss.inputPins
                0x20000168       0x80 ./Core/Src/esp32_link.o
 .bss.inputCount
                0x200001e8        0x1 ./Core/Src/esp32_link.o
 *fill*         0x200001e9        0x3 
 .bss.rxBuf     0x200001ec        0x3 ./Core/Src/esp32_link.o
 *fill*         0x200001ef        0x1 
 .bss.txBuf     0x200001f0        0x3 ./Core/Src/esp32_link.o
 *fill*         0x200001f3        0x1 
 .bss.huart3    0x200001f4       0x88 ./Core/Src/usart.o
                0x200001f4                huart3
 .bss.uwTick    0x2000027c        0x4 ./Drivers/STM32F0xx_HAL_Driver/Src/stm32f0xx_hal.o
                0x2000027c                uwTick
 *(COMMON)
                0x20000280                        . = ALIGN (0x4)
                0x20000280                        _ebss = .
                0x20000280                        __bss_end__ = _ebss

._user_heap_stack
                0x20000280      0x600 load address 0x08002c9c
                0x20000280                        . = ALIGN (0x8)
                [!provide]                        PROVIDE (end = .)
                0x20000280                        PROVIDE (_end = .)
                0x20000480                        . = (. + _Min_Heap_Size)
 *fill*         0x20000280      0x200 
                0x20000880                        . = (. + _Min_Stack_Size)
 *fill*         0x20000480      0x400 
                0x20000880                        . = ALIGN (0x8)

/DISCARD/
 libc.a(*)
 libm.a(*)
 libgcc.a(*)

.ARM.attributes
                0x00000000       0x28
 *(.ARM.attributes)
 .ARM.attributes
                0x00000000       0x1e /opt/st/stm32cubeide_1.19.0/plugins/com.st.stm32cube.ide.mcu.externaltools.gnu-tools-for-stm32.13.3.rel1.linux64_1.0.0.202410170706/tools/bin/../lib/gcc/arm-none-eabi/13.3.1/thumb/v6-m/nofp/crti.o
 .ARM.attributes
                0x0000001e       0x2c /opt/st/stm32cubeide_1.19.0/plugins/com.st.stm32cube.ide.mcu.externaltools.gnu-tools-for-stm32.13.3.rel1.linux64_1.0.0.202410170706/tools/bin/../lib/gcc/arm-none-eabi/13.3.1/thumb/v6-m/nofp/crtbegin.o
 .ARM.attributes
                0x0000004a       0x2c ./Core/Src/esp32_link.o
 .ARM.attributes
                0x00000076       0x2c ./Core/Src/gpio.o
 .ARM.attributes
                0x000000a2       0x2c ./Core/Src/main.o
 .ARM.attributes
                0x000000ce       0x2c ./Core/Src/stm32f0xx_hal_msp.o
 .ARM.attributes
                0x000000fa       0x2c ./Core/Src/stm32f0xx_it.o
 .ARM.attributes
                0x00000126       0x2c ./Core/Src/system_stm32f0xx.o
 .ARM.attributes
                0x00000152       0x2c ./Core/Src/usart.o
 .ARM.attributes
                0x0000017e       0x21 ./Core/Startup/startup_stm32f072c8tx.o
 .ARM.attributes
                0x0000019f       0x2c ./Drivers/STM32F0xx_HAL_Driver/Src/stm32f0xx_hal.o
 .ARM.attributes
                0x000001cb       0x2c ./Drivers/STM32F0xx_HAL_Driver/Src/stm32f0xx_hal_cortex.o
 .ARM.attributes
                0x000001f7       0x2c ./Drivers/STM32F0xx_HAL_Driver/Src/stm32f0xx_hal_dma.o
 .ARM.attributes
                0x00000223       0x2c ./Drivers/STM32F0xx_HAL_Driver/Src/stm32f0xx_hal_gpio.o
 .ARM.attributes
                0x0000024f       0x2c ./Drivers/STM32F0xx_HAL_Driver/Src/stm32f0xx_hal_rcc.o
 .ARM.attributes
                0x0000027b       0x2c ./Drivers/STM32F0xx_HAL_Driver/Src/stm32f0xx_hal_uart.o
 .ARM.attributes
                0x000002a7       0x2c ./Drivers/STM32F0xx_HAL_Driver/Src/stm32f0xx_hal_uart_ex.o
 .ARM.attributes
                0x000002d3       0x2c /opt/st/stm32cubeide_1.19.0/plugins/com.st.stm32cube.ide.mcu.externaltools.gnu-tools-for-stm32.13.3.rel1.linux64_1.0.0.202410170706/tools/bin/../lib/gcc/arm-none-eabi/13.3.1/../../../../arm-none-eabi/lib/thumb/v6-m/nofp/libc_nano.a(libc_a-memset.o)
 .ARM.attributes
                0x000002ff       0x2c /opt/st/stm32cubeide_1.19.0/plugins/com.st.stm32cube.ide.mcu.externaltools.gnu-tools-for-stm32.13.3.rel1.linux64_1.0.0.202410170706/tools/bin/../lib/gcc/arm-none-eabi/13.3.1/../../../../arm-none-eabi/lib/thumb/v6-m/nofp/libc_nano.a(libc_a-init.o)
 .ARM.attributes
                0x0000032b       0x1e /opt/st/stm32cubeide_1.19.0/plugins/com.st.stm32cube.ide.mcu.externaltools.gnu-tools-for-stm32.13.3.rel1.linux64_1.0.0.202410170706/tools/bin/../lib/gcc/arm-none-eabi/13.3.1/thumb/v6-m/nofp/libgcc.a(_udivsi3.o)
 .ARM.attributes
                0x00000349       0x1e /opt/st/stm32cubeide_1.19.0/plugins/com.st.stm32cube.ide.mcu.externaltools.gnu-tools-for-stm32.13.3.rel1.linux64_1.0.0.202410170706/tools/bin/../lib/gcc/arm-none-eabi/13.3.1/thumb/v6-m/nofp/libgcc.a(_dvmd_tls.o)
 .ARM.attributes
                0x00000367       0x1e /opt/st/stm32cubeide_1.19.0/plugins/com.st.stm32cube.ide.mcu.externaltools.gnu-tools-for-stm32.13.3.rel1.linux64_1.0.0.202410170706/tools/bin/../lib/gcc/arm-none-eabi/13.3.1/thumb/v6-m/nofp/crtn.o
OUTPUT(Turret_Firmawre.elf elf32-littlearm)
LOAD linker stubs
LOAD /opt/st/stm32cubeide_1.19.0/plugins/com.st.stm32cube.ide.mcu.externaltools.gnu-tools-for-stm32.13.3.rel1.linux64_1.0.0.202410170706/tools/bin/../lib/gcc/arm-none-eabi/13.3.1/../../../../arm-none-eabi/lib/thumb/v6-m/nofp/libc.a
LOAD /opt/st/stm32cubeide_1.19.0/plugins/com.st.stm32cube.ide.mcu.externaltools.gnu-tools-for-stm32.13.3.rel1.linux64_1.0.0.202410170706/tools/bin/../lib/gcc/arm-none-eabi/13.3.1/../../../../arm-none-eabi/lib/thumb/v6-m/nofp/libm.a
LOAD /opt/st/stm32cubeide_1.19.0/plugins/com.st.stm32cube.ide.mcu.externaltools.gnu-tools-for-stm32.13.3.rel1.linux64_1.0.0.202410170706/tools/bin/../lib/gcc/arm-none-eabi/13.3.1/thumb/v6-m/nofp/libgcc.a

.debug_info     0x00000000     0x959d
 .debug_info    0x00000000      0x9f7 ./Core/Src/esp32_link.o
 .debug_info    0x000009f7      0x32b ./Core/Src/gpio.o
 .debug_info    0x00000d22      0x9d6 ./Core/Src/main.o
 .debug_info    0x000016f8      0x199 ./Core/Src/stm32f0xx_hal_msp.o
 .debug_info    0x00001891      0x6b3 ./Core/Src/stm32f0xx_it.o
 .debug_info    0x00001f44      0x242 ./Core/Src/system_stm32f0xx.o
 .debug_info    0x00002186      0xa5c ./Core/Src/usart.o
 .debug_info    0x00002be2       0x30 ./Core/Startup/startup_stm32f072c8tx.o
 .debug_info    0x00002c12      0x6c9 ./Drivers/STM32F0xx_HAL_Driver/Src/stm32f0xx_hal.o
 .debug_info    0x000032db      0x6c5 ./Drivers/STM32F0xx_HAL_Driver/Src/stm32f0xx_hal_cortex.o
 .debug_info    0x000039a0      0x6ea ./Drivers/STM32F0xx_HAL_Driver/Src/stm32f0xx_hal_dma.o
 .debug_info    0x0000408a      0x5a6 ./Drivers/STM32F0xx_HAL_Driver/Src/stm32f0xx_hal_gpio.o
 .debug_info    0x00004630      0x83f ./Drivers/STM32F0xx_HAL_Driver/Src/stm32f0xx_hal_rcc.o
 .debug_info    0x00004e6f     0x3aa2 ./Drivers/STM32F0xx_HAL_Driver/Src/stm32f0xx_hal_uart.o
 .debug_info    0x00008911      0xc8c ./Drivers/STM32F0xx_HAL_Driver/Src/stm32f0xx_hal_uart_ex.o

.debug_abbrev   0x00000000     0x1bcb
 .debug_abbrev  0x00000000      0x230 ./Core/Src/esp32_link.o
 .debug_abbrev  0x00000230      0x152 ./Core/Src/gpio.o
 .debug_abbrev  0x00000382      0x22b ./Core/Src/main.o
 .debug_abbrev  0x000005ad       0xc6 ./Core/Src/stm32f0xx_hal_msp.o
 .debug_abbrev  0x00000673      0x173 ./Core/Src/stm32f0xx_it.o
 .debug_abbrev  0x000007e6      0x11c ./Core/Src/system_stm32f0xx.o
 .debug_abbrev  0x00000902      0x215 ./Core/Src/usart.o
 .debug_abbrev  0x00000b17       0x24 ./Core/Startup/startup_stm32f072c8tx.o
 .debug_abbrev  0x00000b3b      0x213 ./Drivers/STM32F0xx_HAL_Driver/Src/stm32f0xx_hal.o
 .debug_abbrev  0x00000d4e      0x28c ./Drivers/STM32F0xx_HAL_Driver/Src/stm32f0xx_hal_cortex.o
 .debug_abbrev  0x00000fda      0x224 ./Drivers/STM32F0xx_HAL_Driver/Src/stm32f0xx_hal_dma.o
 .debug_abbrev  0x000011fe      0x1cb ./Drivers/STM32F0xx_HAL_Driver/Src/stm32f0xx_hal_gpio.o
 .debug_abbrev  0x000013c9      0x28c ./Drivers/STM32F0xx_HAL_Driver/Src/stm32f0xx_hal_rcc.o
 .debug_abbrev  0x00001655      0x2cd ./Drivers/STM32F0xx_HAL_Driver/Src/stm32f0xx_hal_uart.o
 .debug_abbrev  0x00001922      0x2a9 ./Drivers/STM32F0xx_HAL_Driver/Src/stm32f0xx_hal_uart_ex.o

.debug_aranges  0x00000000      0x710
 .debug_aranges
                0x00000000       0x50 ./Core/Src/esp32_link.o
 .debug_aranges
                0x00000050       0x20 ./Core/Src/gpio.o
 .debug_aranges
                0x00000070       0x30 ./Core/Src/main.o
 .debug_aranges
                0x000000a0       0x20 ./Core/Src/stm32f0xx_hal_msp.o
 .debug_aranges
                0x000000c0       0x48 ./Core/Src/stm32f0xx_it.o
 .debug_aranges
                0x00000108       0x28 ./Core/Src/system_stm32f0xx.o
 .debug_aranges
                0x00000130       0x30 ./Core/Src/usart.o
 .debug_aranges
                0x00000160       0x28 ./Core/Startup/startup_stm32f072c8tx.o
 .debug_aranges
                0x00000188       0xd0 ./Drivers/STM32F0xx_HAL_Driver/Src/stm32f0xx_hal.o
 .debug_aranges
                0x00000258       0xc0 ./Drivers/STM32F0xx_HAL_Driver/Src/stm32f0xx_hal_cortex.o
 .debug_aranges
                0x00000318       0x88 ./Drivers/STM32F0xx_HAL_Driver/Src/stm32f0xx_hal_dma.o
 .debug_aranges
                0x000003a0       0x58 ./Drivers/STM32F0xx_HAL_Driver/Src/stm32f0xx_hal_gpio.o
 .debug_aranges
                0x000003f8       0x80 ./Drivers/STM32F0xx_HAL_Driver/Src/stm32f0xx_hal_rcc.o
 .debug_aranges
                0x00000478      0x228 ./Drivers/STM32F0xx_HAL_Driver/Src/stm32f0xx_hal_uart.o
 .debug_aranges
                0x000006a0       0x70 ./Drivers/STM32F0xx_HAL_Driver/Src/stm32f0xx_hal_uart_ex.o

.debug_rnglists
                0x00000000      0x55d
 .debug_rnglists
                0x00000000       0x37 ./Core/Src/esp32_link.o
 .debug_rnglists
                0x00000037       0x14 ./Core/Src/gpio.o
 .debug_rnglists
                0x0000004b       0x1f ./Core/Src/main.o
 .debug_rnglists
                0x0000006a       0x13 ./Core/Src/stm32f0xx_hal_msp.o
 .debug_rnglists
                0x0000007d       0x31 ./Core/Src/stm32f0xx_it.o
 .debug_rnglists
                0x000000ae       0x1a ./Core/Src/system_stm32f0xx.o
 .debug_rnglists
                0x000000c8       0x20 ./Core/Src/usart.o
 .debug_rnglists
                0x000000e8       0x19 ./Core/Startup/startup_stm32f072c8tx.o
 .debug_rnglists
                0x00000101       0x97 ./Drivers/STM32F0xx_HAL_Driver/Src/stm32f0xx_hal.o
 .debug_rnglists
                0x00000198       0x8c ./Drivers/STM32F0xx_HAL_Driver/Src/stm32f0xx_hal_cortex.o
 .debug_rnglists
                0x00000224       0x6a ./Drivers/STM32F0xx_HAL_Driver/Src/stm32f0xx_hal_dma.o
 .debug_rnglists
                0x0000028e       0x3f ./Drivers/STM32F0xx_HAL_Driver/Src/stm32f0xx_hal_gpio.o
 .debug_rnglists
                0x000002cd       0x61 ./Drivers/STM32F0xx_HAL_Driver/Src/stm32f0xx_hal_rcc.o
 .debug_rnglists
                0x0000032e      0x1db ./Drivers/STM32F0xx_HAL_Driver/Src/stm32f0xx_hal_uart.o
 .debug_rnglists
                0x00000509       0x54 ./Drivers/STM32F0xx_HAL_Driver/Src/stm32f0xx_hal_uart_ex.o

.debug_macro    0x00000000    0x18a62
 .debug_macro   0x00000000      0x1e1 ./Core/Src/esp32_link.o
 .debug_macro   0x000001e1      0xaae ./Core/Src/esp32_link.o
 .debug_macro   0x00000c8f      0x12d ./Core/Src/esp32_link.o
 .debug_macro   0x00000dbc       0x2e ./Core/Src/esp32_link.o
 .debug_macro   0x00000dea       0x22 ./Core/Src/esp32_link.o
 .debug_macro   0x00000e0c       0x22 ./Core/Src/esp32_link.o
 .debug_macro   0x00000e2e       0x8e ./Core/Src/esp32_link.o
 .debug_macro   0x00000ebc       0x51 ./Core/Src/esp32_link.o
 .debug_macro   0x00000f0d      0x103 ./Core/Src/esp32_link.o
 .debug_macro   0x00001010       0x6a ./Core/Src/esp32_link.o
 .debug_macro   0x0000107a      0x1df ./Core/Src/esp32_link.o
 .debug_macro   0x00001259       0x1c ./Core/Src/esp32_link.o
 .debug_macro   0x00001275       0x22 ./Core/Src/esp32_link.o
 .debug_macro   0x00001297       0xaf ./Core/Src/esp32_link.o
 .debug_macro   0x00001346      0x391 ./Core/Src/esp32_link.o
 .debug_macro   0x000016d7     0xfe73 ./Core/Src/esp32_link.o
 .debug_macro   0x0001154a       0x66 ./Core/Src/esp32_link.o
 .debug_macro   0x000115b0     0x34da ./Core/Src/esp32_link.o
 .debug_macro   0x00014a8a      0x190 ./Core/Src/esp32_link.o
 .debug_macro   0x00014c1a       0x55 ./Core/Src/esp32_link.o
 .debug_macro   0x00014c6f      0x946 ./Core/Src/esp32_link.o
 .debug_macro   0x000155b5      0x5f3 ./Core/Src/esp32_link.o
 .debug_macro   0x00015ba8      0x1ae ./Core/Src/esp32_link.o
 .debug_macro   0x00015d56      0x1a7 ./Core/Src/esp32_link.o
 .debug_macro   0x00015efd      0x1a7 ./Core/Src/esp32_link.o
 .debug_macro   0x000160a4      0x22c ./Core/Src/esp32_link.o
 .debug_macro   0x000162d0       0x34 ./Core/Src/esp32_link.o
 .debug_macro   0x00016304       0x43 ./Core/Src/esp32_link.o
 .debug_macro   0x00016347       0x28 ./Core/Src/esp32_link.o
 .debug_macro   0x0001636f       0xb0 ./Core/Src/esp32_link.o
 .debug_macro   0x0001641f      0x217 ./Core/Src/esp32_link.o
 .debug_macro   0x00016636      0x22c ./Core/Src/esp32_link.o
 .debug_macro   0x00016862       0x61 ./Core/Src/esp32_link.o
 .debug_macro   0x000168c3       0xa5 ./Core/Src/esp32_link.o
 .debug_macro   0x00016968       0x4c ./Core/Src/esp32_link.o
 .debug_macro   0x000169b4      0x16d ./Core/Src/esp32_link.o
 .debug_macro   0x00016b21      0x5ba ./Core/Src/esp32_link.o
 .debug_macro   0x000170db       0x44 ./Core/Src/esp32_link.o
 .debug_macro   0x0001711f      0x130 ./Core/Src/esp32_link.o
 .debug_macro   0x0001724f      0x118 ./Core/Src/esp32_link.o
 .debug_macro   0x00017367       0x22 ./Core/Src/esp32_link.o
 .debug_macro   0x00017389       0x10 ./Core/Src/esp32_link.o
 .debug_macro   0x00017399      0x1c7 ./Core/Src/gpio.o
 .debug_macro   0x00017560      0x1ed ./Core/Src/main.o
 .debug_macro   0x0001774d      0x1bd ./Core/Src/stm32f0xx_hal_msp.o
 .debug_macro   0x0001790a      0x1c7 ./Core/Src/stm32f0xx_it.o
 .debug_macro   0x00017ad1      0x1ae ./Core/Src/system_stm32f0xx.o
 .debug_macro   0x00017c7f      0x1c7 ./Core/Src/usart.o
 .debug_macro   0x00017e46      0x1d2 ./Drivers/STM32F0xx_HAL_Driver/Src/stm32f0xx_hal.o
 .debug_macro   0x00018018      0x1ae ./Drivers/STM32F0xx_HAL_Driver/Src/stm32f0xx_hal_cortex.o
 .debug_macro   0x000181c6      0x1ae ./Drivers/STM32F0xx_HAL_Driver/Src/stm32f0xx_hal_dma.o
 .debug_macro   0x00018374      0x1b5 ./Drivers/STM32F0xx_HAL_Driver/Src/stm32f0xx_hal_gpio.o
 .debug_macro   0x00018529      0x1c0 ./Drivers/STM32F0xx_HAL_Driver/Src/stm32f0xx_hal_rcc.o
 .debug_macro   0x000186e9      0x1cb ./Drivers/STM32F0xx_HAL_Driver/Src/stm32f0xx_hal_uart.o
 .debug_macro   0x000188b4      0x1ae ./Drivers/STM32F0xx_HAL_Driver/Src/stm32f0xx_hal_uart_ex.o

.debug_line     0x00000000     0x9feb
 .debug_line    0x00000000      0x7ea ./Core/Src/esp32_link.o
 .debug_line    0x000007ea      0x6a7 ./Core/Src/gpio.o
 .debug_line    0x00000e91      0x718 ./Core/Src/main.o
 .debug_line    0x000015a9      0x676 ./Core/Src/stm32f0xx_hal_msp.o
 .debug_line    0x00001c1f      0x6eb ./Core/Src/stm32f0xx_it.o
 .debug_line    0x0000230a      0x6fe ./Core/Src/system_stm32f0xx.o
 .debug_line    0x00002a08      0x6ed ./Core/Src/usart.o
 .debug_line    0x000030f5       0x7b ./Core/Startup/startup_stm32f072c8tx.o
 .debug_line    0x00003170      0x8f5 ./Drivers/STM32F0xx_HAL_Driver/Src/stm32f0xx_hal.o
 .debug_line    0x00003a65      0x99d ./Drivers/STM32F0xx_HAL_Driver/Src/stm32f0xx_hal_cortex.o
 .debug_line    0x00004402      0xbf9 ./Drivers/STM32F0xx_HAL_Driver/Src/stm32f0xx_hal_dma.o
 .debug_line    0x00004ffb      0xa6f ./Drivers/STM32F0xx_HAL_Driver/Src/stm32f0xx_hal_gpio.o
 .debug_line    0x00005a6a      0xe3a ./Drivers/STM32F0xx_HAL_Driver/Src/stm32f0xx_hal_rcc.o
 .debug_line    0x000068a4     0x2c84 ./Drivers/STM32F0xx_HAL_Driver/Src/stm32f0xx_hal_uart.o
 .debug_line    0x00009528      0xac3 ./Drivers/STM32F0xx_HAL_Driver/Src/stm32f0xx_hal_uart_ex.o

.debug_str      0x00000000    0x8cd9d
 .debug_str     0x00000000    0x8cd9d ./Core/Src/esp32_link.o
                              0x8b5bf (size before relaxing)
 .debug_str     0x0008cd9d    0x8b04e ./Core/Src/gpio.o
 .debug_str     0x0008cd9d    0x8b670 ./Core/Src/main.o
 .debug_str     0x0008cd9d    0x8af83 ./Core/Src/stm32f0xx_hal_msp.o
 .debug_str     0x0008cd9d    0x8b3e8 ./Core/Src/stm32f0xx_it.o
 .debug_str     0x0008cd9d    0x8ac69 ./Core/Src/system_stm32f0xx.o
 .debug_str     0x0008cd9d    0x8b702 ./Core/Src/usart.o
 .debug_str     0x0008cd9d       0x7a ./Core/Startup/startup_stm32f072c8tx.o
 .debug_str     0x0008cd9d    0x8b25f ./Drivers/STM32F0xx_HAL_Driver/Src/stm32f0xx_hal.o
 .debug_str     0x0008cd9d    0x8b050 ./Drivers/STM32F0xx_HAL_Driver/Src/stm32f0xx_hal_cortex.o
 .debug_str     0x0008cd9d    0x8b00f ./Drivers/STM32F0xx_HAL_Driver/Src/stm32f0xx_hal_dma.o
 .debug_str     0x0008cd9d    0x8ae0a ./Drivers/STM32F0xx_HAL_Driver/Src/stm32f0xx_hal_gpio.o
 .debug_str     0x0008cd9d    0x8b0b0 ./Drivers/STM32F0xx_HAL_Driver/Src/stm32f0xx_hal_rcc.o
 .debug_str     0x0008cd9d    0x8b9cd ./Drivers/STM32F0xx_HAL_Driver/Src/stm32f0xx_hal_uart.o
 .debug_str     0x0008cd9d    0x8b2fe ./Drivers/STM32F0xx_HAL_Driver/Src/stm32f0xx_hal_uart_ex.o

.comment        0x00000000       0x43
 .comment       0x00000000       0x43 ./Core/Src/esp32_link.o
                                 0x44 (size before relaxing)
 .comment       0x00000043       0x44 ./Core/Src/gpio.o
 .comment       0x00000043       0x44 ./Core/Src/main.o
 .comment       0x00000043       0x44 ./Core/Src/stm32f0xx_hal_msp.o
 .comment       0x00000043       0x44 ./Core/Src/stm32f0xx_it.o
 .comment       0x00000043       0x44 ./Core/Src/system_stm32f0xx.o
 .comment       0x00000043       0x44 ./Core/Src/usart.o
 .comment       0x00000043       0x44 ./Drivers/STM32F0xx_HAL_Driver/Src/stm32f0xx_hal.o
 .comment       0x00000043       0x44 ./Drivers/STM32F0xx_HAL_Driver/Src/stm32f0xx_hal_cortex.o
 .comment       0x00000043       0x44 ./Drivers/STM32F0xx_HAL_Driver/Src/stm32f0xx_hal_dma.o
 .comment       0x00000043       0x44 ./Drivers/STM32F0xx_HAL_Driver/Src/stm32f0xx_hal_gpio.o
 .comment       0x00000043       0x44 ./Drivers/STM32F0xx_HAL_Driver/Src/stm32f0xx_hal_rcc.o
 .comment       0x00000043       0x44 ./Drivers/STM32F0xx_HAL_Driver/Src/stm32f0xx_hal_uart.o
 .comment       0x00000043       0x44 ./Drivers/STM32F0xx_HAL_Driver/Src/stm32f0xx_hal_uart_ex.o

.debug_frame    0x00000000     0x1714
 .debug_frame   0x00000000       0xf0 ./Core/Src/esp32_link.o
 .debug_frame   0x000000f0       0x30 ./Core/Src/gpio.o
 .debug_frame   0x00000120       0x68 ./Core/Src/main.o
 .debug_frame   0x00000188       0x30 ./Core/Src/stm32f0xx_hal_msp.o
 .debug_frame   0x000001b8       0xb8 ./Core/Src/stm32f0xx_it.o
 .debug_frame   0x00000270       0x4c ./Core/Src/system_stm32f0xx.o
 .debug_frame   0x000002bc       0x6c ./Core/Src/usart.o
 .debug_frame   0x00000328      0x2a4 ./Drivers/STM32F0xx_HAL_Driver/Src/stm32f0xx_hal.o
 .debug_frame   0x000005cc      0x2a0 ./Drivers/STM32F0xx_HAL_Driver/Src/stm32f0xx_hal_cortex.o
 .debug_frame   0x0000086c      0x1d0 ./Drivers/STM32F0xx_HAL_Driver/Src/stm32f0xx_hal_dma.o
 .debug_frame   0x00000a3c      0x110 ./Drivers/STM32F0xx_HAL_Driver/Src/stm32f0xx_hal_gpio.o
 .debug_frame   0x00000b4c      0x198 ./Drivers/STM32F0xx_HAL_Driver/Src/stm32f0xx_hal_rcc.o
 .debug_frame   0x00000ce4      0x850 ./Drivers/STM32F0xx_HAL_Driver/Src/stm32f0xx_hal_uart.o
 .debug_frame   0x00001534      0x174 ./Drivers/STM32F0xx_HAL_Driver/Src/stm32f0xx_hal_uart_ex.o
 .debug_frame   0x000016a8       0x20 /opt/st/stm32cubeide_1.19.0/plugins/com.st.stm32cube.ide.mcu.externaltools.gnu-tools-for-stm32.13.3.rel1.linux64_1.0.0.202410170706/tools/bin/../lib/gcc/arm-none-eabi/13.3.1/../../../../arm-none-eabi/lib/thumb/v6-m/nofp/libc_nano.a(libc_a-memset.o)
 .debug_frame   0x000016c8       0x2c /opt/st/stm32cubeide_1.19.0/plugins/com.st.stm32cube.ide.mcu.externaltools.gnu-tools-for-stm32.13.3.rel1.linux64_1.0.0.202410170706/tools/bin/../lib/gcc/arm-none-eabi/13.3.1/../../../../arm-none-eabi/lib/thumb/v6-m/nofp/libc_nano.a(libc_a-init.o)
 .debug_frame   0x000016f4       0x20 /opt/st/stm32cubeide_1.19.0/plugins/com.st.stm32cube.ide.mcu.externaltools.gnu-tools-for-stm32.13.3.rel1.linux64_1.0.0.202410170706/tools/bin/../lib/gcc/arm-none-eabi/13.3.1/thumb/v6-m/nofp/libgcc.a(_udivsi3.o)

.debug_line_str
                0x00000000       0x5e
 .debug_line_str
                0x00000000       0x5e ./Core/Startup/startup_stm32f072c8tx.o
